[solifyit.com/index.html]
[backblue.gif]
[fade.gif]
[index.html]
[solifyit.com/css/style.css]
[solifyit.com/images/logo.png]
[kit.fontawesome.com/401c157e36.js]
[solifyit.com/images/logo-1.png]
[solifyit.com/images/logo-2.png]
[solifyit.com/images/logo-3.png]
[solifyit.com/images/logo-4.png]
[solifyit.com/images/marketplace-1.png]
[solifyit.com/images/marketplace-2.png]
[solifyit.com/images/marketplace-3.png]
[solifyit.com/images/marketplace-4.png]
[solifyit.com/images/vector-1.png]
[solifyit.com/images/vector-2.png]
[solifyit.com/images/vector-3.png]
[solifyit.com/privacy.html]
[solifyit.com/index.html]
[solifyit.com/terms.html]
[solifyit.com/images/map-bg.png]
[solifyit.com/images/pattern.png]
[solifyit.com/images/distribution.jpg]
[solifyit.com/images/retailer.jpg]
[solifyit.com/images/consumer.jpg]
[solifyit.com/images/contact-image.jpg]
[solifyit.com/css/style.css]
[solifyit.com/index-2.html]
[solifyit.com/privacy.html]
[solifyit.com/terms.html]
[solifyit.com/images/manufacturing.jpg]
[solifyit.com/images/map-bg.png]
[solifyit.com/index-2.html]
[solifyit.com/images/hero-image.html]
